---
source: crates/sui-config/tests/snapshot_tests.rs
expression: genesis.sui_system_object().into_genesis_version_for_tooling()
---
epoch: 0
protocol_version: 1
system_state_version: 1
validators:
  total_stake: 20000000000000000
  active_validators:
    - metadata:
        sui_address: "0x60307f36c284875bf298d4d85a673046648b1ac4b47e712e42ab10d57dd77a26"
        protocol_pubkey_bytes:
          - 153
          - 242
          - 94
          - 246
          - 31
          - 128
          - 50
          - 185
          - 20
          - 99
          - 100
          - 96
          - 152
          - 44
          - 92
          - 198
          - 241
          - 52
          - 239
          - 29
          - 218
          - 231
          - 102
          - 87
          - 242
          - 203
          - 254
          - 193
          - 235
          - 252
          - 141
          - 9
          - 115
          - 116
          - 8
          - 13
          - 246
          - 252
          - 240
          - 220
          - 184
          - 188
          - 75
          - 13
          - 142
          - 10
          - 245
          - 216
          - 14
          - 187
          - 255
          - 43
          - 76
          - 89
          - 159
          - 84
          - 244
          - 45
          - 99
          - 18
          - 223
          - 195
          - 20
          - 39
          - 96
          - 120
          - 193
          - 204
          - 52
          - 126
          - 187
          - 190
          - 197
          - 25
          - 139
          - 226
          - 88
          - 81
          - 63
          - 56
          - 107
          - 147
          - 13
          - 2
          - 194
          - 116
          - 154
          - 128
          - 62
          - 35
          - 48
          - 149
          - 94
          - 189
          - 26
          - 16
        network_pubkey_bytes:
          - 148
          - 228
          - 168
          - 73
          - 49
          - 68
          - 233
          - 230
          - 150
          - 32
          - 140
          - 190
          - 208
          - 2
          - 89
          - 230
          - 221
          - 181
          - 111
          - 151
          - 155
          - 145
          - 195
          - 41
          - 103
          - 86
          - 9
          - 133
          - 190
          - 97
          - 144
          - 155
        worker_pubkey_bytes:
          - 31
          - 42
          - 121
          - 1
          - 168
          - 66
          - 228
          - 211
          - 98
          - 59
          - 198
          - 28
          - 225
          - 193
          - 113
          - 125
          - 46
          - 118
          - 142
          - 15
          - 215
          - 45
          - 248
          - 52
          - 26
          - 245
          - 102
          - 21
          - 185
          - 22
          - 240
          - 56
        proof_of_possession_bytes:
          - 151
          - 191
          - 31
          - 245
          - 62
          - 131
          - 184
          - 23
          - 162
          - 33
          - 124
          - 71
          - 229
          - 10
          - 56
          - 179
          - 47
          - 67
          - 223
          - 65
          - 196
          - 125
          - 67
          - 111
          - 55
          - 104
          - 114
          - 157
          - 166
          - 146
          - 6
          - 104
          - 90
          - 214
          - 33
          - 36
          - 63
          - 93
          - 228
          - 221
          - 166
          - 7
          - 164
          - 61
          - 169
          - 219
          - 78
          - 19
        name: "0"
        description: ""
        image_url: ""
        project_url: ""
        net_address: /ip4/127.0.0.1/tcp/80
        p2p_address: /ip4/127.0.0.1/udp/80
        primary_address: /ip4/127.0.0.1/udp/80
        worker_address: /ip4/127.0.0.1/udp/80
        next_epoch_protocol_pubkey_bytes: ~
        next_epoch_proof_of_possession: ~
        next_epoch_network_pubkey_bytes: ~
        next_epoch_worker_pubkey_bytes: ~
        next_epoch_net_address: ~
        next_epoch_p2p_address: ~
        next_epoch_primary_address: ~
        next_epoch_worker_address: ~
        extra_fields:
          id:
            id: "0xf600ab6f5fa18a856dcd4034e7121d55b710bad075de015e6779351ebefe9c09"
          size: 0
      voting_power: 10000
      operation_cap_id: "0xcdb07dd6473df4130d6033d98748c60507facdc92b9c2326663ab5c2dd18329b"
      gas_price: 1
      staking_pool:
        id: "0x06af21c73800261e5830f2883715e056275957f1663a511018d2fda44f1c9008"
        activation_epoch: 0
        deactivation_epoch: ~
        sui_balance: 20000000000000000
        rewards_pool:
          value: 0
        pool_token_balance: 20000000000000000
        exchange_rates:
          id: "0x277f0a73d208f36f6e1e1001e3bd1e51db8ca74db64ec00aa6d8c4c43d50c9a4"
          size: 1
        pending_stake: 0
        pending_total_sui_withdraw: 0
        pending_pool_token_withdraw: 0
        extra_fields:
          id:
            id: "0x216f50e8103345e878340ab09cc1f81b282e5099076e80487baefdd53d871d34"
          size: 0
      commission_rate: 0
      next_epoch_stake: 20000000000000000
      next_epoch_gas_price: 1
      next_epoch_commission_rate: 0
      extra_fields:
        id:
          id: "0xee1ab223a8c1bd7f210ae0386795c8b3b35df3087684b9e60c7766a8cc995069"
        size: 0
  pending_active_validators:
    contents:
      id: "0xf249867aa5eb82decb32aa33b6e9e384afb4f31b748b6ffdd9f930e59bc06864"
      size: 0
  pending_removals: []
  staking_pool_mappings:
    id: "0x85e9bc7806e92a61ca9bce19f41ae61eacf57774501266c310b2bf1c3922009d"
    size: 1
  inactive_validators:
    id: "0x25cfa9375b533cca3bed576492d2da998b5290b244d954e164df5b66f4715005"
    size: 0
  validator_candidates:
    id: "0xc568f28f4f02e783b1b18351f06d71d426b6ad3c07751c88749453dc667376eb"
    size: 0
  at_risk_validators:
    contents: []
  extra_fields:
    id:
      id: "0x347ad3fd12014526c1f201fb68d16008488333fd9a22d281d0894089029e7a3b"
    size: 0
storage_fund:
  value: 0
parameters:
  epoch_duration_ms: 86400000
  stake_subsidy_start_epoch: 0
  max_validator_count: 150
  min_validator_joining_stake: 30000000000000000
  validator_low_stake_threshold: 20000000000000000
  validator_very_low_stake_threshold: 15000000000000000
  validator_low_stake_grace_period: 7
  extra_fields:
    id:
      id: "0x838d4c84859e547e48a35854d4b2e4b6d77f9a489a7da0f0ed6a5b4433072f3e"
    size: 0
reference_gas_price: 1
validator_report_records:
  contents: []
stake_subsidy:
  balance:
    value: 9980000000000000000
  distribution_counter: 0
  current_distribution_amount: 1000000000000000
  stake_subsidy_period_length: 30
  stake_subsidy_decrease_rate: 10000
  extra_fields:
    id:
      id: "0x17c616dd652eb040b9a22d94ddd94f25870d48c1ad8df9d9f3df8314ceefd2c7"
    size: 0
safe_mode: false
safe_mode_storage_rewards:
  value: 0
safe_mode_computation_rewards:
  value: 0
safe_mode_storage_rebates: 0
epoch_start_timestamp_ms: 10
extra_fields:
  id:
    id: "0x8068c5c246e88ab61b735047a6f2866c8b2348ddc764425b7279a95cf2679fae"
  size: 0

